// Jest Snapshot v1, https://goo.gl/fbAQLP

exports[`pruebas en <FirstApp/> debe de hacer match con el snapshot 1`] = `
<div>
  <h1
    data-testid="test-texto"
  />
  <p>
    no tenemos texto
  </p>
  <p>
    no tenemos texto
  </p>
  <p>
    edgard
  </p>
</div>
`;
