// Jest Snapshot v1, https://goo.gl/fbAQLP

exports[`pruebas en <CounterApp/> debe hacer match con el snapshot 1`] = `undefined`;
